monitor_start_utc=2026-09-04T04:22:47Z server_pid=3063965 sample_seconds=1 profile=low-async latency_watchdog_pid=3064523 kernel_hazard_watchdog_pid=3064532 guard_affinity=1 guard_nice=0
threshold_mem_available_kib=4194304 threshold_swapin_bytes_per_sample=67108864 report_temperature_millicelsius=90000
threshold_maximum_gpu_busy_percent=100 enforcement=terminate_on_sample_above_threshold
sample_utc=2026-09-04T04:22:48Z affinity=0 nice=19 rss_kib=179732 peak_rss_kib=179732 mem_available_kib=26121276 swapin_bytes=0 max_temp_millicelsius=72000 gpu_busy_percent=18 gtt_used_bytes=1202749440 vram_used_bytes=2097283072 sclk=0: 200Mhz ;1: 400Mhz *;2: 1100Mhz ; mclk=0: 0Mhz ;1: 400Mhz ;2: 933Mhz *;3: 1067Mhz ;
sample_utc=2026-09-04T04:22:49Z affinity=0 nice=19 rss_kib=180372 peak_rss_kib=180372 mem_available_kib=26127636 swapin_bytes=0 max_temp_millicelsius=71000 gpu_busy_percent=99 gtt_used_bytes=1203732480 vram_used_bytes=2097283072 sclk=0: 200Mhz ;1: 700Mhz ;2: 1100Mhz *; mclk=0: 0Mhz ;1: 400Mhz ;2: 933Mhz *;3: 1067Mhz ;
sample_utc=2026-09-04T04:22:50Z affinity=0 nice=19 rss_kib=183416 peak_rss_kib=183416 mem_available_kib=26127240 swapin_bytes=0 max_temp_millicelsius=70000 gpu_busy_percent=99 gtt_used_bytes=1203732480 vram_used_bytes=2097283072 sclk=0: 200Mhz ;1: 700Mhz ;2: 1100Mhz *; mclk=0: 0Mhz ;1: 400Mhz ;2: 933Mhz *;3: 1067Mhz ;
sample_utc=2026-09-04T04:22:51Z affinity=0 nice=19 rss_kib=183416 peak_rss_kib=183416 mem_available_kib=26126924 swapin_bytes=0 max_temp_millicelsius=70000 gpu_busy_percent=99 gtt_used_bytes=1203732480 vram_used_bytes=2097283072 sclk=0: 200Mhz ;1: 700Mhz ;2: 1100Mhz *; mclk=0: 0Mhz ;1: 400Mhz ;2: 933Mhz *;3: 1067Mhz ;
sample_utc=2026-09-04T04:22:52Z affinity=0 nice=19 rss_kib=183416 peak_rss_kib=183416 mem_available_kib=26126924 swapin_bytes=0 max_temp_millicelsius=69625 gpu_busy_percent=99 gtt_used_bytes=1203732480 vram_used_bytes=2097283072 sclk=0: 200Mhz ;1: 700Mhz ;2: 1100Mhz *; mclk=0: 0Mhz ;1: 400Mhz ;2: 933Mhz *;3: 1067Mhz ;
sample_utc=2026-09-04T04:22:53Z affinity=0 nice=19 rss_kib=183416 peak_rss_kib=183416 mem_available_kib=26126400 swapin_bytes=0 max_temp_millicelsius=69875 gpu_busy_percent=97 gtt_used_bytes=1203732480 vram_used_bytes=2097283072 sclk=0: 200Mhz ;1: 1083Mhz *;2: 1100Mhz ; mclk=0: 0Mhz ;1: 400Mhz ;2: 933Mhz *;3: 1067Mhz ;
sample_utc=2026-09-04T04:22:54Z affinity=0 nice=19 rss_kib=183416 peak_rss_kib=183416 mem_available_kib=26126160 swapin_bytes=0 max_temp_millicelsius=70125 gpu_busy_percent=99 gtt_used_bytes=1203732480 vram_used_bytes=2097283072 sclk=0: 200Mhz ;1: 700Mhz ;2: 1100Mhz *; mclk=0: 0Mhz ;1: 400Mhz ;2: 933Mhz *;3: 1067Mhz ;
sample_utc=2026-09-04T04:22:55Z affinity=0 nice=19 rss_kib=183416 peak_rss_kib=183416 mem_available_kib=26125852 swapin_bytes=0 max_temp_millicelsius=70625 gpu_busy_percent=98 gtt_used_bytes=1203732480 vram_used_bytes=2097283072 sclk=0: 200Mhz ;1: 700Mhz ;2: 1100Mhz *; mclk=0: 0Mhz ;1: 400Mhz ;2: 933Mhz *;3: 1067Mhz ;
sample_utc=2026-09-04T04:22:56Z affinity=0 nice=19 rss_kib=183416 peak_rss_kib=183416 mem_available_kib=26125744 swapin_bytes=0 max_temp_millicelsius=70750 gpu_busy_percent=99 gtt_used_bytes=1203732480 vram_used_bytes=2097283072 sclk=0: 200Mhz ;1: 700Mhz ;2: 1100Mhz *; mclk=0: 0Mhz ;1: 400Mhz ;2: 933Mhz *;3: 1067Mhz ;
sample_utc=2026-09-04T04:22:57Z affinity=0 nice=19 rss_kib=183416 peak_rss_kib=183416 mem_available_kib=26126284 swapin_bytes=0 max_temp_millicelsius=71000 gpu_busy_percent=98 gtt_used_bytes=1203732480 vram_used_bytes=2097283072 sclk=0: 200Mhz ;1: 700Mhz ;2: 1100Mhz *; mclk=0: 0Mhz ;1: 400Mhz ;2: 933Mhz *;3: 1067Mhz ;
sample_utc=2026-09-04T04:22:58Z affinity=0 nice=19 rss_kib=183416 peak_rss_kib=183416 mem_available_kib=26125808 swapin_bytes=0 max_temp_millicelsius=71250 gpu_busy_percent=99 gtt_used_bytes=1203732480 vram_used_bytes=2097283072 sclk=0: 200Mhz ;1: 700Mhz ;2: 1100Mhz *; mclk=0: 0Mhz ;1: 400Mhz ;2: 933Mhz *;3: 1067Mhz ;
sample_utc=2026-09-04T04:22:59Z affinity=0 nice=19 rss_kib=183416 peak_rss_kib=183416 mem_available_kib=26125688 swapin_bytes=0 max_temp_millicelsius=71625 gpu_busy_percent=99 gtt_used_bytes=1203732480 vram_used_bytes=2097283072 sclk=0: 200Mhz ;1: 700Mhz ;2: 1100Mhz *; mclk=0: 0Mhz ;1: 400Mhz ;2: 933Mhz *;3: 1067Mhz ;
sample_utc=2026-09-04T04:23:00Z affinity=0 nice=19 rss_kib=183416 peak_rss_kib=183416 mem_available_kib=26125568 swapin_bytes=0 max_temp_millicelsius=71750 gpu_busy_percent=99 gtt_used_bytes=1203732480 vram_used_bytes=2097283072 sclk=0: 200Mhz ;1: 700Mhz ;2: 1100Mhz *; mclk=0: 0Mhz ;1: 400Mhz ;2: 933Mhz *;3: 1067Mhz ;
sample_utc=2026-09-04T04:23:01Z affinity=0 nice=19 rss_kib=183416 peak_rss_kib=183416 mem_available_kib=26125312 swapin_bytes=0 max_temp_millicelsius=72000 gpu_busy_percent=99 gtt_used_bytes=1203732480 vram_used_bytes=2097283072 sclk=0: 200Mhz ;1: 700Mhz ;2: 1100Mhz *; mclk=0: 0Mhz ;1: 400Mhz ;2: 933Mhz *;3: 1067Mhz ;
sample_utc=2026-09-04T04:23:02Z affinity=0 nice=19 rss_kib=183416 peak_rss_kib=183416 mem_available_kib=26125084 swapin_bytes=0 max_temp_millicelsius=72125 gpu_busy_percent=99 gtt_used_bytes=1203732480 vram_used_bytes=2097283072 sclk=0: 200Mhz ;1: 1083Mhz *;2: 1100Mhz ; mclk=0: 0Mhz ;1: 400Mhz ;2: 933Mhz *;3: 1067Mhz ;
sample_utc=2026-09-04T04:23:03Z affinity=0 nice=19 rss_kib=183416 peak_rss_kib=183416 mem_available_kib=26124852 swapin_bytes=0 max_temp_millicelsius=72375 gpu_busy_percent=99 gtt_used_bytes=1203732480 vram_used_bytes=2097283072 sclk=0: 200Mhz ;1: 700Mhz ;2: 1100Mhz *; mclk=0: 0Mhz ;1: 400Mhz ;2: 933Mhz *;3: 1067Mhz ;
sample_utc=2026-09-04T04:23:04Z affinity=0 nice=19 rss_kib=183416 peak_rss_kib=183416 mem_available_kib=26125112 swapin_bytes=0 max_temp_millicelsius=72750 gpu_busy_percent=97 gtt_used_bytes=1203732480 vram_used_bytes=2097283072 sclk=0: 200Mhz ;1: 700Mhz ;2: 1100Mhz *; mclk=0: 0Mhz ;1: 400Mhz ;2: 933Mhz *;3: 1067Mhz ;
sample_utc=2026-09-04T04:23:05Z affinity=0 nice=19 rss_kib=183416 peak_rss_kib=183416 mem_available_kib=26124636 swapin_bytes=0 max_temp_millicelsius=72750 gpu_busy_percent=99 gtt_used_bytes=1203732480 vram_used_bytes=2097283072 sclk=0: 200Mhz ;1: 700Mhz ;2: 1100Mhz *; mclk=0: 0Mhz ;1: 400Mhz ;2: 933Mhz *;3: 1067Mhz ;
sample_utc=2026-09-04T04:23:06Z affinity=0 nice=19 rss_kib=183416 peak_rss_kib=183416 mem_available_kib=26124480 swapin_bytes=0 max_temp_millicelsius=73000 gpu_busy_percent=98 gtt_used_bytes=1203732480 vram_used_bytes=2097283072 sclk=0: 200Mhz ;1: 700Mhz ;2: 1100Mhz *; mclk=0: 0Mhz ;1: 400Mhz ;2: 933Mhz *;3: 1067Mhz ;
sample_utc=2026-09-04T04:23:07Z affinity=0 nice=19 rss_kib=183416 peak_rss_kib=183416 mem_available_kib=26124188 swapin_bytes=0 max_temp_millicelsius=73250 gpu_busy_percent=99 gtt_used_bytes=1203732480 vram_used_bytes=2097283072 sclk=0: 200Mhz ;1: 700Mhz ;2: 1100Mhz *; mclk=0: 0Mhz ;1: 400Mhz ;2: 933Mhz *;3: 1067Mhz ;
