monitor_start_utc=2026-09-04T04:00:09Z server_pid=2737278 sample_seconds=1 profile=low-async latency_watchdog_pid=2737839 kernel_hazard_watchdog_pid=2737848 guard_affinity=1 guard_nice=0
threshold_mem_available_kib=4194304 threshold_swapin_bytes_per_sample=67108864 report_temperature_millicelsius=90000
threshold_maximum_gpu_busy_percent=100 enforcement=terminate_on_sample_above_threshold
sample_utc=2026-09-04T04:00:09Z affinity=0 nice=19 rss_kib=179280 peak_rss_kib=179280 mem_available_kib=26112832 swapin_bytes=0 max_temp_millicelsius=73000 gpu_busy_percent=13 gtt_used_bytes=1202749440 vram_used_bytes=2097283072 sclk=0: 200Mhz ;1: 400Mhz *;2: 1100Mhz ; mclk=0: 0Mhz ;1: 400Mhz ;2: 933Mhz *;3: 1067Mhz ;
sample_utc=2026-09-04T04:00:10Z affinity=0 nice=19 rss_kib=179944 peak_rss_kib=179944 mem_available_kib=26115076 swapin_bytes=0 max_temp_millicelsius=72000 gpu_busy_percent=99 gtt_used_bytes=1203732480 vram_used_bytes=2097283072 sclk=0: 200Mhz ;1: 700Mhz ;2: 1100Mhz *; mclk=0: 0Mhz ;1: 400Mhz ;2: 933Mhz *;3: 1067Mhz ;
sample_utc=2026-09-04T04:00:11Z affinity=0 nice=19 rss_kib=182992 peak_rss_kib=182992 mem_available_kib=26112700 swapin_bytes=0 max_temp_millicelsius=71000 gpu_busy_percent=99 gtt_used_bytes=1203732480 vram_used_bytes=2097283072 sclk=0: 200Mhz ;1: 700Mhz ;2: 1100Mhz *; mclk=0: 0Mhz ;1: 400Mhz ;2: 933Mhz *;3: 1067Mhz ;
sample_utc=2026-09-04T04:00:12Z affinity=0 nice=19 rss_kib=182992 peak_rss_kib=182992 mem_available_kib=26112840 swapin_bytes=0 max_temp_millicelsius=71000 gpu_busy_percent=99 gtt_used_bytes=1203732480 vram_used_bytes=2097283072 sclk=0: 200Mhz ;1: 700Mhz ;2: 1100Mhz *; mclk=0: 0Mhz ;1: 400Mhz ;2: 933Mhz *;3: 1067Mhz ;
sample_utc=2026-09-04T04:00:13Z affinity=0 nice=19 rss_kib=182992 peak_rss_kib=182992 mem_available_kib=26113312 swapin_bytes=0 max_temp_millicelsius=71125 gpu_busy_percent=99 gtt_used_bytes=1203732480 vram_used_bytes=2097283072 sclk=0: 200Mhz ;1: 700Mhz ;2: 1100Mhz *; mclk=0: 0Mhz ;1: 400Mhz ;2: 933Mhz *;3: 1067Mhz ;
sample_utc=2026-09-04T04:00:14Z affinity=0 nice=19 rss_kib=182992 peak_rss_kib=182992 mem_available_kib=26114364 swapin_bytes=0 max_temp_millicelsius=71375 gpu_busy_percent=99 gtt_used_bytes=1203732480 vram_used_bytes=2097283072 sclk=0: 200Mhz ;1: 700Mhz ;2: 1100Mhz *; mclk=0: 0Mhz ;1: 400Mhz ;2: 933Mhz *;3: 1067Mhz ;
sample_utc=2026-09-04T04:00:15Z affinity=0 nice=19 rss_kib=182992 peak_rss_kib=182992 mem_available_kib=26114312 swapin_bytes=0 max_temp_millicelsius=72000 gpu_busy_percent=99 gtt_used_bytes=1203732480 vram_used_bytes=2097283072 sclk=0: 200Mhz ;1: 700Mhz ;2: 1100Mhz *; mclk=0: 0Mhz ;1: 400Mhz ;2: 933Mhz *;3: 1067Mhz ;
sample_utc=2026-09-04T04:00:16Z affinity=0 nice=19 rss_kib=182992 peak_rss_kib=182992 mem_available_kib=26114744 swapin_bytes=0 max_temp_millicelsius=72250 gpu_busy_percent=99 gtt_used_bytes=1203732480 vram_used_bytes=2097283072 sclk=0: 200Mhz ;1: 700Mhz ;2: 1100Mhz *; mclk=0: 0Mhz ;1: 400Mhz ;2: 933Mhz *;3: 1067Mhz ;
sample_utc=2026-09-04T04:00:17Z affinity=0 nice=19 rss_kib=182992 peak_rss_kib=182992 mem_available_kib=26114668 swapin_bytes=0 max_temp_millicelsius=72500 gpu_busy_percent=99 gtt_used_bytes=1203732480 vram_used_bytes=2097283072 sclk=0: 200Mhz ;1: 700Mhz ;2: 1100Mhz *; mclk=0: 0Mhz ;1: 400Mhz ;2: 933Mhz *;3: 1067Mhz ;
sample_utc=2026-09-04T04:00:18Z affinity=0 nice=19 rss_kib=182992 peak_rss_kib=182992 mem_available_kib=26115136 swapin_bytes=0 max_temp_millicelsius=72750 gpu_busy_percent=97 gtt_used_bytes=1203732480 vram_used_bytes=2097283072 sclk=0: 200Mhz ;1: 700Mhz ;2: 1100Mhz *; mclk=0: 0Mhz ;1: 400Mhz ;2: 933Mhz *;3: 1067Mhz ;
sample_utc=2026-09-04T04:00:19Z affinity=0 nice=19 rss_kib=182992 peak_rss_kib=182992 mem_available_kib=26114736 swapin_bytes=0 max_temp_millicelsius=73125 gpu_busy_percent=99 gtt_used_bytes=1203732480 vram_used_bytes=2097283072 sclk=0: 200Mhz ;1: 700Mhz ;2: 1100Mhz *; mclk=0: 0Mhz ;1: 400Mhz ;2: 933Mhz *;3: 1067Mhz ;
sample_utc=2026-09-04T04:00:21Z affinity=0 nice=19 rss_kib=182992 peak_rss_kib=182992 mem_available_kib=26114480 swapin_bytes=0 max_temp_millicelsius=73250 gpu_busy_percent=97 gtt_used_bytes=1203732480 vram_used_bytes=2097283072 sclk=0: 200Mhz ;1: 700Mhz ;2: 1100Mhz *; mclk=0: 0Mhz ;1: 400Mhz ;2: 933Mhz *;3: 1067Mhz ;
sample_utc=2026-09-04T04:00:22Z affinity=0 nice=19 rss_kib=182992 peak_rss_kib=182992 mem_available_kib=26114540 swapin_bytes=0 max_temp_millicelsius=73500 gpu_busy_percent=99 gtt_used_bytes=1203732480 vram_used_bytes=2097283072 sclk=0: 200Mhz ;1: 700Mhz ;2: 1100Mhz *; mclk=0: 0Mhz ;1: 400Mhz ;2: 933Mhz *;3: 1067Mhz ;
sample_utc=2026-09-04T04:00:23Z affinity=0 nice=19 rss_kib=182992 peak_rss_kib=182992 mem_available_kib=26115444 swapin_bytes=0 max_temp_millicelsius=73875 gpu_busy_percent=98 gtt_used_bytes=1203732480 vram_used_bytes=2097283072 sclk=0: 200Mhz ;1: 700Mhz ;2: 1100Mhz *; mclk=0: 0Mhz ;1: 400Mhz ;2: 933Mhz *;3: 1067Mhz ;
sample_utc=2026-09-04T04:00:24Z affinity=0 nice=19 rss_kib=182992 peak_rss_kib=182992 mem_available_kib=26115224 swapin_bytes=0 max_temp_millicelsius=73750 gpu_busy_percent=99 gtt_used_bytes=1203732480 vram_used_bytes=2097283072 sclk=0: 200Mhz ;1: 700Mhz ;2: 1100Mhz *; mclk=0: 0Mhz ;1: 400Mhz ;2: 933Mhz *;3: 1067Mhz ;
sample_utc=2026-09-04T04:00:25Z affinity=0 nice=19 rss_kib=182992 peak_rss_kib=182992 mem_available_kib=26114992 swapin_bytes=0 max_temp_millicelsius=74125 gpu_busy_percent=98 gtt_used_bytes=1203732480 vram_used_bytes=2097283072 sclk=0: 200Mhz ;1: 700Mhz ;2: 1100Mhz *; mclk=0: 0Mhz ;1: 400Mhz ;2: 933Mhz *;3: 1067Mhz ;
sample_utc=2026-09-04T04:00:26Z affinity=0 nice=19 rss_kib=182992 peak_rss_kib=182992 mem_available_kib=26115532 swapin_bytes=0 max_temp_millicelsius=74125 gpu_busy_percent=99 gtt_used_bytes=1203732480 vram_used_bytes=2097283072 sclk=0: 200Mhz ;1: 700Mhz ;2: 1100Mhz *; mclk=0: 0Mhz ;1: 400Mhz ;2: 933Mhz *;3: 1067Mhz ;
sample_utc=2026-09-04T04:00:27Z affinity=0 nice=19 rss_kib=182992 peak_rss_kib=182992 mem_available_kib=26115480 swapin_bytes=0 max_temp_millicelsius=74500 gpu_busy_percent=98 gtt_used_bytes=1203732480 vram_used_bytes=2097283072 sclk=0: 200Mhz ;1: 700Mhz ;2: 1100Mhz *; mclk=0: 0Mhz ;1: 400Mhz ;2: 933Mhz *;3: 1067Mhz ;
sample_utc=2026-09-04T04:00:28Z affinity=0 nice=19 rss_kib=182992 peak_rss_kib=182992 mem_available_kib=26116904 swapin_bytes=0 max_temp_millicelsius=74625 gpu_busy_percent=99 gtt_used_bytes=1203732480 vram_used_bytes=2097283072 sclk=0: 200Mhz ;1: 700Mhz ;2: 1100Mhz *; mclk=0: 0Mhz ;1: 400Mhz ;2: 933Mhz *;3: 1067Mhz ;
sample_utc=2026-09-04T04:00:29Z affinity=0 nice=19 rss_kib=182992 peak_rss_kib=182992 mem_available_kib=26116232 swapin_bytes=0 max_temp_millicelsius=74750 gpu_busy_percent=99 gtt_used_bytes=1203732480 vram_used_bytes=2097283072 sclk=0: 200Mhz ;1: 700Mhz ;2: 1100Mhz *; mclk=0: 0Mhz ;1: 400Mhz ;2: 933Mhz *;3: 1067Mhz ;
