make: Entering directory '$HOME/evidence/hp-memory-firmware-rca/ryzen_smu-werror-build'
make[1]: Entering directory '/usr/src/linux-headers-7.0.0-28-generic'
make[2]: Entering directory '$HOME/evidence/hp-memory-firmware-rca/ryzen_smu-werror-build'
warning: the compiler differs from the one used to build the kernel
  The kernel was built by: x86_64-linux-gnu-gcc-13 (Ubuntu 13.3.0-6ubuntu2~24.04.1) 13.3.0
  You are using:           gcc-13 (Ubuntu 13.3.0-6ubuntu2~24.04.1) 13.3.0
warning: pahole version differs from the one used to build the kernel
  The kernel was built with: 125
  You are using:             0
  CC [M]  drv.o
  CC [M]  smu.o
  LD [M]  ryzen_smu.o
  MODPOST Module.symvers
  CC [M]  ryzen_smu.mod.o
  CC [M]  .module-common.o
  LD [M]  ryzen_smu.ko
  BTF [M] ryzen_smu.ko
Skipping BTF generation for ryzen_smu.ko due to unavailability of vmlinux
make[2]: Leaving directory '$HOME/evidence/hp-memory-firmware-rca/ryzen_smu-werror-build'
make[1]: Leaving directory '/usr/src/linux-headers-7.0.0-28-generic'
make: Leaving directory '$HOME/evidence/hp-memory-firmware-rca/ryzen_smu-werror-build'
