make: Entering directory '$HOME/evidence/hp-memory-firmware-rca/ryzen_smu-build'
make[1]: Entering directory '/usr/src/linux-headers-7.0.0-28-generic'
make[2]: Entering directory '$HOME/evidence/hp-memory-firmware-rca/ryzen_smu-build'
warning: the compiler differs from the one used to build the kernel
  The kernel was built by: x86_64-linux-gnu-gcc-13 (Ubuntu 13.3.0-6ubuntu2~24.04.1) 13.3.0
  You are using:           gcc-13 (Ubuntu 13.3.0-6ubuntu2~24.04.1) 13.3.0
warning: pahole version differs from the one used to build the kernel
  The kernel was built with: 125
  You are using:             0
  CC [M]  drv.o
  CC [M]  smu.o
smu.c:67:5: warning: no previous prototype for ‘smu_smn_rw_address’ [-Wmissing-prototypes]
   67 | int smu_smn_rw_address(struct pci_dev* dev, u32 address, u32* value, int write) {
      |     ^~~~~~~~~~~~~~~~~~
smu.c:209:5: warning: no previous prototype for ‘smu_resolve_cpu_class’ [-Wmissing-prototypes]
  209 | int smu_resolve_cpu_class(struct pci_dev* dev) {
      |     ^~~~~~~~~~~~~~~~~~~~~
smu.c:447:5: warning: no previous prototype for ‘smu_get_dram_base_address’ [-Wmissing-prototypes]
  447 | u64 smu_get_dram_base_address(struct pci_dev* dev) {
      |     ^~~~~~~~~~~~~~~~~~~~~~~~~
smu.c:615:5: warning: no previous prototype for ‘smu_update_pmtable_size’ [-Wmissing-prototypes]
  615 | u32 smu_update_pmtable_size(u32 version) {
      |     ^~~~~~~~~~~~~~~~~~~~~~~
  LD [M]  ryzen_smu.o
  MODPOST Module.symvers
  CC [M]  ryzen_smu.mod.o
  CC [M]  .module-common.o
  LD [M]  ryzen_smu.ko
  BTF [M] ryzen_smu.ko
Skipping BTF generation for ryzen_smu.ko due to unavailability of vmlinux
make[2]: Leaving directory '$HOME/evidence/hp-memory-firmware-rca/ryzen_smu-build'
make[1]: Leaving directory '/usr/src/linux-headers-7.0.0-28-generic'
make: Leaving directory '$HOME/evidence/hp-memory-firmware-rca/ryzen_smu-build'
