monitor_start_utc=2026-09-04T04:19:05Z server_pid=3007841 sample_seconds=1 profile=low-async latency_watchdog_pid=3008405 kernel_hazard_watchdog_pid=3008414 guard_affinity=1 guard_nice=0
threshold_mem_available_kib=4194304 threshold_swapin_bytes_per_sample=67108864 report_temperature_millicelsius=90000
threshold_maximum_gpu_busy_percent=100 enforcement=terminate_on_sample_above_threshold
sample_utc=2026-09-04T04:19:05Z affinity=0 nice=19 rss_kib=179608 peak_rss_kib=179608 mem_available_kib=26114480 swapin_bytes=0 max_temp_millicelsius=71000 gpu_busy_percent=17 gtt_used_bytes=1202749440 vram_used_bytes=2097283072 sclk=0: 200Mhz ;1: 400Mhz *;2: 1100Mhz ; mclk=0: 0Mhz ;1: 400Mhz ;2: 933Mhz *;3: 1067Mhz ;
sample_utc=2026-09-04T04:19:06Z affinity=0 nice=19 rss_kib=180260 peak_rss_kib=180260 mem_available_kib=26118836 swapin_bytes=0 max_temp_millicelsius=70000 gpu_busy_percent=99 gtt_used_bytes=1203732480 vram_used_bytes=2097283072 sclk=0: 200Mhz ;1: 700Mhz ;2: 1100Mhz *; mclk=0: 0Mhz ;1: 400Mhz ;2: 933Mhz *;3: 1067Mhz ;
sample_utc=2026-09-04T04:19:07Z affinity=0 nice=19 rss_kib=183304 peak_rss_kib=183304 mem_available_kib=26116184 swapin_bytes=0 max_temp_millicelsius=69000 gpu_busy_percent=98 gtt_used_bytes=1203732480 vram_used_bytes=2097283072 sclk=0: 200Mhz ;1: 700Mhz ;2: 1100Mhz *; mclk=0: 0Mhz ;1: 400Mhz ;2: 933Mhz *;3: 1067Mhz ;
sample_utc=2026-09-04T04:19:08Z affinity=0 nice=19 rss_kib=183304 peak_rss_kib=183304 mem_available_kib=26116656 swapin_bytes=0 max_temp_millicelsius=69000 gpu_busy_percent=99 gtt_used_bytes=1203732480 vram_used_bytes=2097283072 sclk=0: 200Mhz ;1: 700Mhz ;2: 1100Mhz *; mclk=0: 0Mhz ;1: 400Mhz ;2: 933Mhz *;3: 1067Mhz ;
sample_utc=2026-09-04T04:19:09Z affinity=0 nice=19 rss_kib=183304 peak_rss_kib=183304 mem_available_kib=26117092 swapin_bytes=0 max_temp_millicelsius=69375 gpu_busy_percent=99 gtt_used_bytes=1203732480 vram_used_bytes=2097283072 sclk=0: 200Mhz ;1: 700Mhz ;2: 1100Mhz *; mclk=0: 0Mhz ;1: 400Mhz ;2: 933Mhz *;3: 1067Mhz ;
sample_utc=2026-09-04T04:19:10Z affinity=0 nice=19 rss_kib=183304 peak_rss_kib=183304 mem_available_kib=26117620 swapin_bytes=0 max_temp_millicelsius=69625 gpu_busy_percent=97 gtt_used_bytes=1203732480 vram_used_bytes=2097283072 sclk=0: 200Mhz ;1: 1083Mhz *;2: 1100Mhz ; mclk=0: 0Mhz ;1: 400Mhz ;2: 933Mhz *;3: 1067Mhz ;
sample_utc=2026-09-04T04:19:12Z affinity=0 nice=19 rss_kib=183304 peak_rss_kib=183304 mem_available_kib=26117476 swapin_bytes=0 max_temp_millicelsius=70125 gpu_busy_percent=99 gtt_used_bytes=1203732480 vram_used_bytes=2097283072 sclk=0: 200Mhz ;1: 700Mhz ;2: 1100Mhz *; mclk=0: 0Mhz ;1: 400Mhz ;2: 933Mhz *;3: 1067Mhz ;
sample_utc=2026-09-04T04:19:13Z affinity=0 nice=19 rss_kib=183304 peak_rss_kib=183304 mem_available_kib=26117852 swapin_bytes=0 max_temp_millicelsius=70375 gpu_busy_percent=97 gtt_used_bytes=1203732480 vram_used_bytes=2097283072 sclk=0: 200Mhz ;1: 700Mhz ;2: 1100Mhz *; mclk=0: 0Mhz ;1: 400Mhz ;2: 933Mhz *;3: 1067Mhz ;
sample_utc=2026-09-04T04:19:14Z affinity=0 nice=19 rss_kib=183304 peak_rss_kib=183304 mem_available_kib=26117616 swapin_bytes=0 max_temp_millicelsius=70625 gpu_busy_percent=99 gtt_used_bytes=1203732480 vram_used_bytes=2097283072 sclk=0: 200Mhz ;1: 700Mhz ;2: 1100Mhz *; mclk=0: 0Mhz ;1: 400Mhz ;2: 933Mhz *;3: 1067Mhz ;
sample_utc=2026-09-04T04:19:15Z affinity=0 nice=19 rss_kib=183304 peak_rss_kib=183304 mem_available_kib=26117400 swapin_bytes=0 max_temp_millicelsius=70750 gpu_busy_percent=97 gtt_used_bytes=1203732480 vram_used_bytes=2097283072 sclk=0: 200Mhz ;1: 700Mhz ;2: 1100Mhz *; mclk=0: 0Mhz ;1: 400Mhz ;2: 933Mhz *;3: 1067Mhz ;
sample_utc=2026-09-04T04:19:16Z affinity=0 nice=19 rss_kib=183304 peak_rss_kib=183304 mem_available_kib=26117216 swapin_bytes=0 max_temp_millicelsius=71125 gpu_busy_percent=99 gtt_used_bytes=1203732480 vram_used_bytes=2097283072 sclk=0: 200Mhz ;1: 700Mhz ;2: 1100Mhz *; mclk=0: 0Mhz ;1: 400Mhz ;2: 933Mhz *;3: 1067Mhz ;
sample_utc=2026-09-04T04:19:17Z affinity=0 nice=19 rss_kib=183304 peak_rss_kib=183304 mem_available_kib=26117396 swapin_bytes=0 max_temp_millicelsius=71625 gpu_busy_percent=98 gtt_used_bytes=1203732480 vram_used_bytes=2097283072 sclk=0: 200Mhz ;1: 700Mhz ;2: 1100Mhz *; mclk=0: 0Mhz ;1: 400Mhz ;2: 933Mhz *;3: 1067Mhz ;
sample_utc=2026-09-04T04:19:18Z affinity=0 nice=19 rss_kib=183304 peak_rss_kib=183304 mem_available_kib=26117832 swapin_bytes=0 max_temp_millicelsius=72000 gpu_busy_percent=99 gtt_used_bytes=1203732480 vram_used_bytes=2097283072 sclk=0: 200Mhz ;1: 700Mhz ;2: 1100Mhz *; mclk=0: 0Mhz ;1: 400Mhz ;2: 933Mhz *;3: 1067Mhz ;
sample_utc=2026-09-04T04:19:19Z affinity=0 nice=19 rss_kib=183304 peak_rss_kib=183304 mem_available_kib=26117724 swapin_bytes=0 max_temp_millicelsius=72125 gpu_busy_percent=98 gtt_used_bytes=1203732480 vram_used_bytes=2097283072 sclk=0: 200Mhz ;1: 700Mhz ;2: 1100Mhz *; mclk=0: 0Mhz ;1: 400Mhz ;2: 933Mhz *;3: 1067Mhz ;
sample_utc=2026-09-04T04:19:20Z affinity=0 nice=19 rss_kib=183304 peak_rss_kib=183304 mem_available_kib=26118064 swapin_bytes=0 max_temp_millicelsius=72375 gpu_busy_percent=99 gtt_used_bytes=1203732480 vram_used_bytes=2097283072 sclk=0: 200Mhz ;1: 700Mhz ;2: 1100Mhz *; mclk=0: 0Mhz ;1: 400Mhz ;2: 933Mhz *;3: 1067Mhz ;
sample_utc=2026-09-04T04:19:21Z affinity=0 nice=19 rss_kib=183304 peak_rss_kib=183304 mem_available_kib=26118908 swapin_bytes=0 max_temp_millicelsius=72625 gpu_busy_percent=98 gtt_used_bytes=1203732480 vram_used_bytes=2097283072 sclk=0: 200Mhz ;1: 700Mhz ;2: 1100Mhz *; mclk=0: 0Mhz ;1: 400Mhz ;2: 933Mhz *;3: 1067Mhz ;
sample_utc=2026-09-04T04:19:22Z affinity=0 nice=19 rss_kib=183304 peak_rss_kib=183304 mem_available_kib=26119524 swapin_bytes=0 max_temp_millicelsius=72750 gpu_busy_percent=99 gtt_used_bytes=1203732480 vram_used_bytes=2097283072 sclk=0: 200Mhz ;1: 700Mhz ;2: 1100Mhz *; mclk=0: 0Mhz ;1: 400Mhz ;2: 933Mhz *;3: 1067Mhz ;
sample_utc=2026-09-04T04:19:23Z affinity=0 nice=19 rss_kib=183304 peak_rss_kib=183304 mem_available_kib=26119152 swapin_bytes=0 max_temp_millicelsius=73125 gpu_busy_percent=98 gtt_used_bytes=1203732480 vram_used_bytes=2097283072 sclk=0: 200Mhz ;1: 700Mhz ;2: 1100Mhz *; mclk=0: 0Mhz ;1: 400Mhz ;2: 933Mhz *;3: 1067Mhz ;
sample_utc=2026-09-04T04:19:24Z affinity=0 nice=19 rss_kib=183304 peak_rss_kib=183304 mem_available_kib=26118924 swapin_bytes=0 max_temp_millicelsius=73000 gpu_busy_percent=99 gtt_used_bytes=1203732480 vram_used_bytes=2097283072 sclk=0: 200Mhz ;1: 700Mhz ;2: 1100Mhz *; mclk=0: 0Mhz ;1: 400Mhz ;2: 933Mhz *;3: 1067Mhz ;
sample_utc=2026-09-04T04:19:25Z affinity=0 nice=19 rss_kib=183304 peak_rss_kib=183304 mem_available_kib=26119196 swapin_bytes=0 max_temp_millicelsius=73250 gpu_busy_percent=98 gtt_used_bytes=1203732480 vram_used_bytes=2097283072 sclk=0: 200Mhz ;1: 700Mhz ;2: 1100Mhz *; mclk=0: 0Mhz ;1: 400Mhz ;2: 933Mhz *;3: 1067Mhz ;
