monitor_start_utc=2026-09-04T04:09:52Z server_pid=2883750 sample_seconds=1 profile=low-async latency_watchdog_pid=2884316 kernel_hazard_watchdog_pid=2884325 guard_affinity=1 guard_nice=0
threshold_mem_available_kib=4194304 threshold_swapin_bytes_per_sample=67108864 report_temperature_millicelsius=90000
threshold_maximum_gpu_busy_percent=100 enforcement=terminate_on_sample_above_threshold
sample_utc=2026-09-04T04:09:52Z affinity=0 nice=19 rss_kib=179424 peak_rss_kib=179424 mem_available_kib=26112420 swapin_bytes=0 max_temp_millicelsius=73000 gpu_busy_percent=13 gtt_used_bytes=1202749440 vram_used_bytes=2097283072 sclk=0: 200Mhz ;1: 400Mhz *;2: 1100Mhz ; mclk=0: 0Mhz ;1: 400Mhz ;2: 933Mhz *;3: 1067Mhz ;
sample_utc=2026-09-04T04:09:53Z affinity=0 nice=19 rss_kib=179996 peak_rss_kib=179996 mem_available_kib=26117972 swapin_bytes=0 max_temp_millicelsius=72000 gpu_busy_percent=99 gtt_used_bytes=1203732480 vram_used_bytes=2097283072 sclk=0: 200Mhz ;1: 700Mhz ;2: 1100Mhz *; mclk=0: 0Mhz ;1: 400Mhz ;2: 933Mhz *;3: 1067Mhz ;
sample_utc=2026-09-04T04:09:54Z affinity=0 nice=19 rss_kib=183068 peak_rss_kib=183068 mem_available_kib=26117960 swapin_bytes=0 max_temp_millicelsius=72000 gpu_busy_percent=98 gtt_used_bytes=1203732480 vram_used_bytes=2097283072 sclk=0: 200Mhz ;1: 700Mhz ;2: 1100Mhz *; mclk=0: 0Mhz ;1: 400Mhz ;2: 933Mhz *;3: 1067Mhz ;
sample_utc=2026-09-04T04:09:55Z affinity=0 nice=19 rss_kib=183068 peak_rss_kib=183068 mem_available_kib=26117632 swapin_bytes=0 max_temp_millicelsius=71000 gpu_busy_percent=99 gtt_used_bytes=1203732480 vram_used_bytes=2097283072 sclk=0: 200Mhz ;1: 700Mhz ;2: 1100Mhz *; mclk=0: 0Mhz ;1: 400Mhz ;2: 933Mhz *;3: 1067Mhz ;
sample_utc=2026-09-04T04:09:56Z affinity=0 nice=19 rss_kib=183068 peak_rss_kib=183068 mem_available_kib=26117668 swapin_bytes=0 max_temp_millicelsius=70500 gpu_busy_percent=99 gtt_used_bytes=1203732480 vram_used_bytes=2097283072 sclk=0: 200Mhz ;1: 700Mhz ;2: 1100Mhz *; mclk=0: 0Mhz ;1: 400Mhz ;2: 933Mhz *;3: 1067Mhz ;
sample_utc=2026-09-04T04:09:57Z affinity=0 nice=19 rss_kib=183068 peak_rss_kib=183068 mem_available_kib=26117432 swapin_bytes=0 max_temp_millicelsius=70625 gpu_busy_percent=99 gtt_used_bytes=1203732480 vram_used_bytes=2097283072 sclk=0: 200Mhz ;1: 700Mhz ;2: 1100Mhz *; mclk=0: 0Mhz ;1: 400Mhz ;2: 933Mhz *;3: 1067Mhz ;
sample_utc=2026-09-04T04:09:58Z affinity=0 nice=19 rss_kib=183068 peak_rss_kib=183068 mem_available_kib=26117240 swapin_bytes=0 max_temp_millicelsius=71125 gpu_busy_percent=99 gtt_used_bytes=1203732480 vram_used_bytes=2097283072 sclk=0: 200Mhz ;1: 700Mhz ;2: 1100Mhz *; mclk=0: 0Mhz ;1: 400Mhz ;2: 933Mhz *;3: 1067Mhz ;
sample_utc=2026-09-04T04:09:59Z affinity=0 nice=19 rss_kib=183068 peak_rss_kib=183068 mem_available_kib=26117012 swapin_bytes=0 max_temp_millicelsius=71500 gpu_busy_percent=99 gtt_used_bytes=1203732480 vram_used_bytes=2097283072 sclk=0: 200Mhz ;1: 700Mhz ;2: 1100Mhz *; mclk=0: 0Mhz ;1: 400Mhz ;2: 933Mhz *;3: 1067Mhz ;
sample_utc=2026-09-04T04:10:00Z affinity=0 nice=19 rss_kib=183068 peak_rss_kib=183068 mem_available_kib=26116944 swapin_bytes=0 max_temp_millicelsius=71750 gpu_busy_percent=99 gtt_used_bytes=1203732480 vram_used_bytes=2097283072 sclk=0: 200Mhz ;1: 700Mhz ;2: 1100Mhz *; mclk=0: 0Mhz ;1: 400Mhz ;2: 933Mhz *;3: 1067Mhz ;
sample_utc=2026-09-04T04:10:01Z affinity=0 nice=19 rss_kib=183068 peak_rss_kib=183068 mem_available_kib=26116708 swapin_bytes=0 max_temp_millicelsius=72000 gpu_busy_percent=97 gtt_used_bytes=1203732480 vram_used_bytes=2097283072 sclk=0: 200Mhz ;1: 700Mhz ;2: 1100Mhz *; mclk=0: 0Mhz ;1: 400Mhz ;2: 933Mhz *;3: 1067Mhz ;
sample_utc=2026-09-04T04:10:02Z affinity=0 nice=19 rss_kib=183068 peak_rss_kib=183068 mem_available_kib=26116428 swapin_bytes=0 max_temp_millicelsius=72250 gpu_busy_percent=99 gtt_used_bytes=1203732480 vram_used_bytes=2097283072 sclk=0: 200Mhz ;1: 700Mhz ;2: 1100Mhz *; mclk=0: 0Mhz ;1: 400Mhz ;2: 933Mhz *;3: 1067Mhz ;
sample_utc=2026-09-04T04:10:03Z affinity=0 nice=19 rss_kib=183068 peak_rss_kib=183068 mem_available_kib=26116428 swapin_bytes=0 max_temp_millicelsius=72500 gpu_busy_percent=98 gtt_used_bytes=1203732480 vram_used_bytes=2097283072 sclk=0: 200Mhz ;1: 700Mhz ;2: 1100Mhz *; mclk=0: 0Mhz ;1: 400Mhz ;2: 933Mhz *;3: 1067Mhz ;
sample_utc=2026-09-04T04:10:04Z affinity=0 nice=19 rss_kib=183068 peak_rss_kib=183068 mem_available_kib=26116416 swapin_bytes=0 max_temp_millicelsius=72875 gpu_busy_percent=99 gtt_used_bytes=1203732480 vram_used_bytes=2097283072 sclk=0: 200Mhz ;1: 700Mhz ;2: 1100Mhz *; mclk=0: 0Mhz ;1: 400Mhz ;2: 933Mhz *;3: 1067Mhz ;
sample_utc=2026-09-04T04:10:05Z affinity=0 nice=19 rss_kib=183068 peak_rss_kib=183068 mem_available_kib=26116140 swapin_bytes=0 max_temp_millicelsius=73000 gpu_busy_percent=98 gtt_used_bytes=1203732480 vram_used_bytes=2097283072 sclk=0: 200Mhz ;1: 700Mhz ;2: 1100Mhz *; mclk=0: 0Mhz ;1: 400Mhz ;2: 933Mhz *;3: 1067Mhz ;
sample_utc=2026-09-04T04:10:06Z affinity=0 nice=19 rss_kib=183068 peak_rss_kib=183068 mem_available_kib=26116292 swapin_bytes=0 max_temp_millicelsius=73125 gpu_busy_percent=99 gtt_used_bytes=1203732480 vram_used_bytes=2097283072 sclk=0: 200Mhz ;1: 700Mhz ;2: 1100Mhz *; mclk=0: 0Mhz ;1: 400Mhz ;2: 933Mhz *;3: 1067Mhz ;
sample_utc=2026-09-04T04:10:07Z affinity=0 nice=19 rss_kib=183068 peak_rss_kib=183068 mem_available_kib=26115992 swapin_bytes=0 max_temp_millicelsius=73500 gpu_busy_percent=98 gtt_used_bytes=1203732480 vram_used_bytes=2097283072 sclk=0: 200Mhz ;1: 700Mhz ;2: 1100Mhz *; mclk=0: 0Mhz ;1: 400Mhz ;2: 933Mhz *;3: 1067Mhz ;
sample_utc=2026-09-04T04:10:08Z affinity=0 nice=19 rss_kib=183068 peak_rss_kib=183068 mem_available_kib=26116456 swapin_bytes=0 max_temp_millicelsius=73500 gpu_busy_percent=99 gtt_used_bytes=1203732480 vram_used_bytes=2097283072 sclk=0: 200Mhz ;1: 700Mhz ;2: 1100Mhz *; mclk=0: 0Mhz ;1: 400Mhz ;2: 933Mhz *;3: 1067Mhz ;
sample_utc=2026-09-04T04:10:09Z affinity=0 nice=19 rss_kib=183068 peak_rss_kib=183068 mem_available_kib=26116144 swapin_bytes=0 max_temp_millicelsius=73875 gpu_busy_percent=98 gtt_used_bytes=1203732480 vram_used_bytes=2097283072 sclk=0: 200Mhz ;1: 700Mhz ;2: 1100Mhz *; mclk=0: 0Mhz ;1: 400Mhz ;2: 933Mhz *;3: 1067Mhz ;
sample_utc=2026-09-04T04:10:10Z affinity=0 nice=19 rss_kib=183068 peak_rss_kib=183068 mem_available_kib=26115908 swapin_bytes=0 max_temp_millicelsius=73875 gpu_busy_percent=99 gtt_used_bytes=1203732480 vram_used_bytes=2097283072 sclk=0: 200Mhz ;1: 700Mhz ;2: 1100Mhz *; mclk=0: 0Mhz ;1: 400Mhz ;2: 933Mhz *;3: 1067Mhz ;
sample_utc=2026-09-04T04:10:11Z affinity=0 nice=19 rss_kib=183068 peak_rss_kib=183068 mem_available_kib=26115432 swapin_bytes=0 max_temp_millicelsius=74250 gpu_busy_percent=99 gtt_used_bytes=1203732480 vram_used_bytes=2097283072 sclk=0: 200Mhz ;1: 700Mhz ;2: 1100Mhz *; mclk=0: 0Mhz ;1: 400Mhz ;2: 933Mhz *;3: 1067Mhz ;
