monitor_start_utc=2026-09-04T04:10:37Z server_pid=2895099 sample_seconds=1 profile=low-async latency_watchdog_pid=2895658 kernel_hazard_watchdog_pid=2895667 guard_affinity=1 guard_nice=0
threshold_mem_available_kib=4194304 threshold_swapin_bytes_per_sample=67108864 report_temperature_millicelsius=90000
threshold_maximum_gpu_busy_percent=100 enforcement=terminate_on_sample_above_threshold
sample_utc=2026-09-04T04:10:37Z affinity=0 nice=19 rss_kib=178956 peak_rss_kib=178956 mem_available_kib=26118812 swapin_bytes=0 max_temp_millicelsius=73000 gpu_busy_percent=14 gtt_used_bytes=1202749440 vram_used_bytes=2097283072 sclk=0: 200Mhz ;1: 400Mhz *;2: 1100Mhz ; mclk=0: 0Mhz ;1: 400Mhz ;2: 933Mhz *;3: 1067Mhz ;
sample_utc=2026-09-04T04:10:38Z affinity=0 nice=19 rss_kib=179648 peak_rss_kib=179648 mem_available_kib=26116748 swapin_bytes=0 max_temp_millicelsius=72000 gpu_busy_percent=99 gtt_used_bytes=1203732480 vram_used_bytes=2097283072 sclk=0: 200Mhz ;1: 700Mhz ;2: 1100Mhz *; mclk=0: 0Mhz ;1: 400Mhz ;2: 933Mhz *;3: 1067Mhz ;
sample_utc=2026-09-04T04:10:39Z affinity=0 nice=19 rss_kib=182696 peak_rss_kib=182696 mem_available_kib=26117168 swapin_bytes=0 max_temp_millicelsius=71000 gpu_busy_percent=98 gtt_used_bytes=1203732480 vram_used_bytes=2097283072 sclk=0: 200Mhz ;1: 700Mhz ;2: 1100Mhz *; mclk=0: 0Mhz ;1: 400Mhz ;2: 933Mhz *;3: 1067Mhz ;
sample_utc=2026-09-04T04:10:40Z affinity=0 nice=19 rss_kib=182696 peak_rss_kib=182696 mem_available_kib=26117008 swapin_bytes=0 max_temp_millicelsius=70000 gpu_busy_percent=99 gtt_used_bytes=1203732480 vram_used_bytes=2097283072 sclk=0: 200Mhz ;1: 700Mhz ;2: 1100Mhz *; mclk=0: 0Mhz ;1: 400Mhz ;2: 933Mhz *;3: 1067Mhz ;
sample_utc=2026-09-04T04:10:41Z affinity=0 nice=19 rss_kib=182696 peak_rss_kib=182696 mem_available_kib=26116804 swapin_bytes=0 max_temp_millicelsius=70250 gpu_busy_percent=99 gtt_used_bytes=1203732480 vram_used_bytes=2097283072 sclk=0: 200Mhz ;1: 700Mhz ;2: 1100Mhz *; mclk=0: 0Mhz ;1: 400Mhz ;2: 933Mhz *;3: 1067Mhz ;
sample_utc=2026-09-04T04:10:42Z affinity=0 nice=19 rss_kib=182696 peak_rss_kib=182696 mem_available_kib=26116476 swapin_bytes=0 max_temp_millicelsius=70625 gpu_busy_percent=99 gtt_used_bytes=1203732480 vram_used_bytes=2097283072 sclk=0: 200Mhz ;1: 700Mhz ;2: 1100Mhz *; mclk=0: 0Mhz ;1: 400Mhz ;2: 933Mhz *;3: 1067Mhz ;
sample_utc=2026-09-04T04:10:43Z affinity=0 nice=19 rss_kib=182696 peak_rss_kib=182696 mem_available_kib=26116368 swapin_bytes=0 max_temp_millicelsius=70875 gpu_busy_percent=99 gtt_used_bytes=1203732480 vram_used_bytes=2097283072 sclk=0: 200Mhz ;1: 700Mhz ;2: 1100Mhz *; mclk=0: 0Mhz ;1: 400Mhz ;2: 933Mhz *;3: 1067Mhz ;
sample_utc=2026-09-04T04:10:44Z affinity=0 nice=19 rss_kib=182696 peak_rss_kib=182696 mem_available_kib=26115896 swapin_bytes=0 max_temp_millicelsius=71250 gpu_busy_percent=99 gtt_used_bytes=1203732480 vram_used_bytes=2097283072 sclk=0: 200Mhz ;1: 700Mhz ;2: 1100Mhz *; mclk=0: 0Mhz ;1: 400Mhz ;2: 933Mhz *;3: 1067Mhz ;
sample_utc=2026-09-04T04:10:45Z affinity=0 nice=19 rss_kib=182696 peak_rss_kib=182696 mem_available_kib=26115740 swapin_bytes=0 max_temp_millicelsius=71625 gpu_busy_percent=99 gtt_used_bytes=1203732480 vram_used_bytes=2097283072 sclk=0: 200Mhz ;1: 700Mhz ;2: 1100Mhz *; mclk=0: 0Mhz ;1: 400Mhz ;2: 933Mhz *;3: 1067Mhz ;
sample_utc=2026-09-04T04:10:46Z affinity=0 nice=19 rss_kib=182696 peak_rss_kib=182696 mem_available_kib=26115432 swapin_bytes=0 max_temp_millicelsius=71750 gpu_busy_percent=98 gtt_used_bytes=1203732480 vram_used_bytes=2097283072 sclk=0: 200Mhz ;1: 700Mhz ;2: 1100Mhz *; mclk=0: 0Mhz ;1: 400Mhz ;2: 933Mhz *;3: 1067Mhz ;
sample_utc=2026-09-04T04:10:47Z affinity=0 nice=19 rss_kib=182696 peak_rss_kib=182696 mem_available_kib=26114956 swapin_bytes=0 max_temp_millicelsius=71875 gpu_busy_percent=99 gtt_used_bytes=1203732480 vram_used_bytes=2097283072 sclk=0: 200Mhz ;1: 700Mhz ;2: 1100Mhz *; mclk=0: 0Mhz ;1: 400Mhz ;2: 933Mhz *;3: 1067Mhz ;
sample_utc=2026-09-04T04:10:48Z affinity=0 nice=19 rss_kib=182696 peak_rss_kib=182696 mem_available_kib=26114928 swapin_bytes=0 max_temp_millicelsius=72250 gpu_busy_percent=98 gtt_used_bytes=1203732480 vram_used_bytes=2097283072 sclk=0: 200Mhz ;1: 700Mhz ;2: 1100Mhz *; mclk=0: 0Mhz ;1: 400Mhz ;2: 933Mhz *;3: 1067Mhz ;
sample_utc=2026-09-04T04:10:49Z affinity=0 nice=19 rss_kib=182696 peak_rss_kib=182696 mem_available_kib=26114776 swapin_bytes=0 max_temp_millicelsius=72500 gpu_busy_percent=99 gtt_used_bytes=1203732480 vram_used_bytes=2097283072 sclk=0: 200Mhz ;1: 700Mhz ;2: 1100Mhz *; mclk=0: 0Mhz ;1: 400Mhz ;2: 933Mhz *;3: 1067Mhz ;
sample_utc=2026-09-04T04:10:50Z affinity=0 nice=19 rss_kib=182696 peak_rss_kib=182696 mem_available_kib=26114548 swapin_bytes=0 max_temp_millicelsius=72875 gpu_busy_percent=98 gtt_used_bytes=1203732480 vram_used_bytes=2097283072 sclk=0: 200Mhz ;1: 700Mhz ;2: 1100Mhz *; mclk=0: 0Mhz ;1: 400Mhz ;2: 933Mhz *;3: 1067Mhz ;
sample_utc=2026-09-04T04:10:51Z affinity=0 nice=19 rss_kib=182696 peak_rss_kib=182696 mem_available_kib=26114232 swapin_bytes=0 max_temp_millicelsius=73000 gpu_busy_percent=99 gtt_used_bytes=1203732480 vram_used_bytes=2097283072 sclk=0: 200Mhz ;1: 700Mhz ;2: 1100Mhz *; mclk=0: 0Mhz ;1: 400Mhz ;2: 933Mhz *;3: 1067Mhz ;
sample_utc=2026-09-04T04:10:52Z affinity=0 nice=19 rss_kib=182696 peak_rss_kib=182696 mem_available_kib=26113932 swapin_bytes=0 max_temp_millicelsius=73375 gpu_busy_percent=98 gtt_used_bytes=1203732480 vram_used_bytes=2097283072 sclk=0: 200Mhz ;1: 700Mhz ;2: 1100Mhz *; mclk=0: 0Mhz ;1: 400Mhz ;2: 933Mhz *;3: 1067Mhz ;
sample_utc=2026-09-04T04:10:53Z affinity=0 nice=19 rss_kib=182696 peak_rss_kib=182696 mem_available_kib=26113696 swapin_bytes=0 max_temp_millicelsius=73375 gpu_busy_percent=99 gtt_used_bytes=1203732480 vram_used_bytes=2097283072 sclk=0: 200Mhz ;1: 700Mhz ;2: 1100Mhz *; mclk=0: 0Mhz ;1: 400Mhz ;2: 933Mhz *;3: 1067Mhz ;
sample_utc=2026-09-04T04:10:54Z affinity=0 nice=19 rss_kib=182696 peak_rss_kib=182696 mem_available_kib=26114204 swapin_bytes=0 max_temp_millicelsius=73500 gpu_busy_percent=98 gtt_used_bytes=1203732480 vram_used_bytes=2097283072 sclk=0: 200Mhz ;1: 700Mhz ;2: 1100Mhz *; mclk=0: 0Mhz ;1: 400Mhz ;2: 933Mhz *;3: 1067Mhz ;
sample_utc=2026-09-04T04:10:55Z affinity=0 nice=19 rss_kib=182696 peak_rss_kib=182696 mem_available_kib=26114076 swapin_bytes=0 max_temp_millicelsius=73625 gpu_busy_percent=99 gtt_used_bytes=1203732480 vram_used_bytes=2097283072 sclk=0: 200Mhz ;1: 700Mhz ;2: 1100Mhz *; mclk=0: 0Mhz ;1: 400Mhz ;2: 933Mhz *;3: 1067Mhz ;
sample_utc=2026-09-04T04:10:57Z affinity=0 nice=19 rss_kib=182696 peak_rss_kib=182696 mem_available_kib=26113736 swapin_bytes=0 max_temp_millicelsius=73875 gpu_busy_percent=98 gtt_used_bytes=1203732480 vram_used_bytes=2097283072 sclk=0: 200Mhz ;1: 700Mhz ;2: 1100Mhz *; mclk=0: 0Mhz ;1: 400Mhz ;2: 933Mhz *;3: 1067Mhz ;
