monitor_start_utc=2026-09-04T04:31:44Z server_pid=3199151 sample_seconds=1 profile=low-async latency_watchdog_pid=3199712 kernel_hazard_watchdog_pid=3199721 guard_affinity=1 guard_nice=0
threshold_mem_available_kib=4194304 threshold_swapin_bytes_per_sample=67108864 report_temperature_millicelsius=90000
threshold_maximum_gpu_busy_percent=100 enforcement=terminate_on_sample_above_threshold
sample_utc=2026-09-04T04:31:44Z affinity=0 nice=19 rss_kib=179420 peak_rss_kib=179420 mem_available_kib=26126924 swapin_bytes=0 max_temp_millicelsius=72000 gpu_busy_percent=9 gtt_used_bytes=1202749440 vram_used_bytes=2097283072 sclk=0: 200Mhz ;1: 400Mhz *;2: 1100Mhz ; mclk=0: 0Mhz ;1: 400Mhz ;2: 933Mhz *;3: 1067Mhz ;
sample_utc=2026-09-04T04:31:45Z affinity=0 nice=19 rss_kib=179992 peak_rss_kib=179992 mem_available_kib=26126092 swapin_bytes=0 max_temp_millicelsius=71000 gpu_busy_percent=99 gtt_used_bytes=1203732480 vram_used_bytes=2097283072 sclk=0: 200Mhz ;1: 700Mhz ;2: 1100Mhz *; mclk=0: 0Mhz ;1: 400Mhz ;2: 933Mhz *;3: 1067Mhz ;
sample_utc=2026-09-04T04:31:46Z affinity=0 nice=19 rss_kib=183040 peak_rss_kib=183040 mem_available_kib=26124788 swapin_bytes=0 max_temp_millicelsius=71000 gpu_busy_percent=99 gtt_used_bytes=1203732480 vram_used_bytes=2097283072 sclk=0: 200Mhz ;1: 700Mhz ;2: 1100Mhz *; mclk=0: 0Mhz ;1: 400Mhz ;2: 933Mhz *;3: 1067Mhz ;
sample_utc=2026-09-04T04:31:47Z affinity=0 nice=19 rss_kib=183040 peak_rss_kib=183040 mem_available_kib=26124656 swapin_bytes=0 max_temp_millicelsius=69000 gpu_busy_percent=99 gtt_used_bytes=1203732480 vram_used_bytes=2097283072 sclk=0: 200Mhz ;1: 700Mhz ;2: 1100Mhz *; mclk=0: 0Mhz ;1: 400Mhz ;2: 933Mhz *;3: 1067Mhz ;
sample_utc=2026-09-04T04:31:48Z affinity=0 nice=19 rss_kib=183040 peak_rss_kib=183040 mem_available_kib=26125288 swapin_bytes=0 max_temp_millicelsius=69500 gpu_busy_percent=99 gtt_used_bytes=1203732480 vram_used_bytes=2097283072 sclk=0: 200Mhz ;1: 700Mhz ;2: 1100Mhz *; mclk=0: 0Mhz ;1: 400Mhz ;2: 933Mhz *;3: 1067Mhz ;
sample_utc=2026-09-04T04:31:49Z affinity=0 nice=19 rss_kib=183040 peak_rss_kib=183040 mem_available_kib=26125616 swapin_bytes=0 max_temp_millicelsius=69750 gpu_busy_percent=97 gtt_used_bytes=1203732480 vram_used_bytes=2097283072 sclk=0: 200Mhz ;1: 700Mhz ;2: 1100Mhz *; mclk=0: 0Mhz ;1: 400Mhz ;2: 933Mhz *;3: 1067Mhz ;
sample_utc=2026-09-04T04:31:50Z affinity=0 nice=19 rss_kib=183040 peak_rss_kib=183040 mem_available_kib=26126076 swapin_bytes=0 max_temp_millicelsius=70250 gpu_busy_percent=99 gtt_used_bytes=1203732480 vram_used_bytes=2097283072 sclk=0: 200Mhz ;1: 700Mhz ;2: 1100Mhz *; mclk=0: 0Mhz ;1: 400Mhz ;2: 933Mhz *;3: 1067Mhz ;
sample_utc=2026-09-04T04:31:51Z affinity=0 nice=19 rss_kib=183040 peak_rss_kib=183040 mem_available_kib=26125800 swapin_bytes=0 max_temp_millicelsius=70625 gpu_busy_percent=98 gtt_used_bytes=1203732480 vram_used_bytes=2097283072 sclk=0: 200Mhz ;1: 700Mhz ;2: 1100Mhz *; mclk=0: 0Mhz ;1: 400Mhz ;2: 933Mhz *;3: 1067Mhz ;
sample_utc=2026-09-04T04:31:52Z affinity=0 nice=19 rss_kib=183040 peak_rss_kib=183040 mem_available_kib=26125740 swapin_bytes=0 max_temp_millicelsius=70750 gpu_busy_percent=99 gtt_used_bytes=1203732480 vram_used_bytes=2097283072 sclk=0: 200Mhz ;1: 700Mhz ;2: 1100Mhz *; mclk=0: 0Mhz ;1: 400Mhz ;2: 933Mhz *;3: 1067Mhz ;
sample_utc=2026-09-04T04:31:54Z affinity=0 nice=19 rss_kib=183040 peak_rss_kib=183040 mem_available_kib=26126160 swapin_bytes=0 max_temp_millicelsius=71125 gpu_busy_percent=98 gtt_used_bytes=1203732480 vram_used_bytes=2097283072 sclk=0: 200Mhz ;1: 700Mhz ;2: 1100Mhz *; mclk=0: 0Mhz ;1: 400Mhz ;2: 933Mhz *;3: 1067Mhz ;
sample_utc=2026-09-04T04:31:55Z affinity=0 nice=19 rss_kib=183040 peak_rss_kib=183040 mem_available_kib=26126040 swapin_bytes=0 max_temp_millicelsius=71250 gpu_busy_percent=99 gtt_used_bytes=1203732480 vram_used_bytes=2097283072 sclk=0: 200Mhz ;1: 700Mhz ;2: 1100Mhz *; mclk=0: 0Mhz ;1: 400Mhz ;2: 933Mhz *;3: 1067Mhz ;
sample_utc=2026-09-04T04:31:56Z affinity=0 nice=19 rss_kib=183040 peak_rss_kib=183040 mem_available_kib=26125480 swapin_bytes=0 max_temp_millicelsius=71625 gpu_busy_percent=98 gtt_used_bytes=1203732480 vram_used_bytes=2097283072 sclk=0: 200Mhz ;1: 700Mhz ;2: 1100Mhz *; mclk=0: 0Mhz ;1: 400Mhz ;2: 933Mhz *;3: 1067Mhz ;
sample_utc=2026-09-04T04:31:57Z affinity=0 nice=19 rss_kib=183040 peak_rss_kib=183040 mem_available_kib=26126144 swapin_bytes=0 max_temp_millicelsius=71750 gpu_busy_percent=99 gtt_used_bytes=1203732480 vram_used_bytes=2097283072 sclk=0: 200Mhz ;1: 700Mhz ;2: 1100Mhz *; mclk=0: 0Mhz ;1: 400Mhz ;2: 933Mhz *;3: 1067Mhz ;
sample_utc=2026-09-04T04:31:58Z affinity=0 nice=19 rss_kib=183040 peak_rss_kib=183040 mem_available_kib=26125828 swapin_bytes=0 max_temp_millicelsius=72125 gpu_busy_percent=99 gtt_used_bytes=1203732480 vram_used_bytes=2097283072 sclk=0: 200Mhz ;1: 700Mhz ;2: 1100Mhz *; mclk=0: 0Mhz ;1: 400Mhz ;2: 933Mhz *;3: 1067Mhz ;
sample_utc=2026-09-04T04:31:59Z affinity=0 nice=19 rss_kib=183040 peak_rss_kib=183040 mem_available_kib=26125832 swapin_bytes=0 max_temp_millicelsius=72250 gpu_busy_percent=99 gtt_used_bytes=1203732480 vram_used_bytes=2097283072 sclk=0: 200Mhz ;1: 700Mhz ;2: 1100Mhz *; mclk=0: 0Mhz ;1: 400Mhz ;2: 933Mhz *;3: 1067Mhz ;
sample_utc=2026-09-04T04:32:00Z affinity=0 nice=19 rss_kib=183040 peak_rss_kib=183040 mem_available_kib=26125608 swapin_bytes=0 max_temp_millicelsius=72500 gpu_busy_percent=99 gtt_used_bytes=1203732480 vram_used_bytes=2097283072 sclk=0: 200Mhz ;1: 700Mhz ;2: 1100Mhz *; mclk=0: 0Mhz ;1: 400Mhz ;2: 933Mhz *;3: 1067Mhz ;
sample_utc=2026-09-04T04:32:01Z affinity=0 nice=19 rss_kib=183040 peak_rss_kib=183040 mem_available_kib=26125580 swapin_bytes=0 max_temp_millicelsius=72625 gpu_busy_percent=99 gtt_used_bytes=1203732480 vram_used_bytes=2097283072 sclk=0: 200Mhz ;1: 700Mhz ;2: 1100Mhz *; mclk=0: 0Mhz ;1: 400Mhz ;2: 933Mhz *;3: 1067Mhz ;
sample_utc=2026-09-04T04:32:02Z affinity=0 nice=19 rss_kib=183040 peak_rss_kib=183040 mem_available_kib=26125640 swapin_bytes=0 max_temp_millicelsius=73000 gpu_busy_percent=98 gtt_used_bytes=1203732480 vram_used_bytes=2097283072 sclk=0: 200Mhz ;1: 700Mhz ;2: 1100Mhz *; mclk=0: 0Mhz ;1: 400Mhz ;2: 933Mhz *;3: 1067Mhz ;
sample_utc=2026-09-04T04:32:03Z affinity=0 nice=19 rss_kib=183040 peak_rss_kib=183040 mem_available_kib=26125472 swapin_bytes=0 max_temp_millicelsius=73000 gpu_busy_percent=97 gtt_used_bytes=1203732480 vram_used_bytes=2097283072 sclk=0: 200Mhz ;1: 700Mhz ;2: 1100Mhz *; mclk=0: 0Mhz ;1: 400Mhz ;2: 933Mhz *;3: 1067Mhz ;
sample_utc=2026-09-04T04:32:04Z affinity=0 nice=19 rss_kib=183040 peak_rss_kib=183040 mem_available_kib=26126096 swapin_bytes=0 max_temp_millicelsius=73125 gpu_busy_percent=99 gtt_used_bytes=1203732480 vram_used_bytes=2097283072 sclk=0: 200Mhz ;1: 700Mhz ;2: 1100Mhz *; mclk=0: 0Mhz ;1: 400Mhz ;2: 933Mhz *;3: 1067Mhz ;
