row=screen-01 category=screen search_proposed=False approved=False results_produced=False passed=True reason=found 9.9, want 9.9
row=screen-02 category=screen search_proposed=False approved=False results_produced=False passed=True reason=all present
row=screen-03 category=screen search_proposed=False approved=False results_produced=False passed=True reason=found 30.0, want 30.0
row=screen-04 category=screen search_proposed=False approved=False results_produced=False passed=True reason=all present
row=screen-05 category=screen search_proposed=False approved=False results_produced=False passed=True reason=found 59.5, want 59.5
row=arith-01 category=arithmetic search_proposed=False approved=False results_produced=False passed=True reason=found 3168.0, want 3168.0
row=arith-02 category=arithmetic search_proposed=False approved=False results_produced=False passed=False reason=found 16.0, want 17.0
row=arith-03 category=arithmetic search_proposed=False approved=False results_produced=False passed=True reason=found 0.375, want 0.375
row=arith-04 category=arithmetic search_proposed=False approved=False results_produced=False passed=True reason=found 2540.0, want 2540.0
row=arith-05 category=arithmetic search_proposed=False approved=False results_produced=False passed=True reason=found 37.0, want 37.0
row=arith-06 category=arithmetic search_proposed=False approved=False results_produced=False passed=True reason=found -11.0, want -11.0
row=arith-07 category=arithmetic search_proposed=False approved=False results_produced=False passed=True reason=found 1024.0, want 1024.0
row=arith-08 category=arithmetic search_proposed=False approved=False results_produced=False passed=True reason=found 0.08, want 0.08
row=arith-09 category=arithmetic search_proposed=False approved=False results_produced=False passed=True reason=found 86400.0, want 86400.0
row=arith-10 category=arithmetic search_proposed=False approved=False results_produced=False passed=True reason=found 4.5, want 4.5
row=word-01 category=word_problem search_proposed=False approved=False results_produced=False passed=True reason=found 20.0, want 20.0
row=word-02 category=word_problem search_proposed=False approved=False results_produced=False passed=False reason=found 40.0, want 48.0
row=word-03 category=word_problem search_proposed=False approved=False results_produced=False passed=False reason=found 30.0, want 100.0
row=word-04 category=word_problem search_proposed=False approved=False results_produced=False passed=True reason=found 150.0, want 150.0
row=word-05 category=word_problem search_proposed=False approved=False results_produced=False passed=True reason=found 9.0, want 9.0
row=word-06 category=word_problem search_proposed=False approved=False results_produced=False passed=True reason=found 64.0, want 64.0
row=word-07 category=word_problem search_proposed=False approved=False results_produced=False passed=True reason=found 70.0, want 70.0
row=word-08 category=word_problem search_proposed=False approved=False results_produced=False passed=False reason=found 33.0, want 26.0
row=word-09 category=word_problem search_proposed=False approved=False results_produced=False passed=False reason=found 7.0, want 12.0
row=word-10 category=word_problem search_proposed=False approved=False results_produced=False passed=False reason=found 2400.0, want 2640.0
row=code-01 category=code search_proposed=False approved=False results_produced=False passed=True reason=matched <=
row=code-02 category=code search_proposed=False approved=False results_produced=False passed=True reason=matched free
row=code-03 category=code search_proposed=False approved=False results_produced=False passed=True reason=matched null
row=code-04 category=code search_proposed=False approved=False results_produced=False passed=True reason=matched overflow
row=code-05 category=code search_proposed=False approved=False results_produced=False passed=False reason=none of eintr|interrupt|partial|short read|loop
row=code-06 category=code search_proposed=False approved=False results_produced=False passed=True reason=matched stack
row=code-07 category=code search_proposed=False approved=False results_produced=False passed=True reason=matched &n
row=code-08 category=code search_proposed=False approved=False results_produced=False passed=True reason=matched race
row=code-09 category=code search_proposed=False approved=False results_produced=False passed=True reason=matched zombie
row=code-10 category=code search_proposed=False approved=False results_produced=False passed=True reason=matched integer overflow
row=fmt-01 category=format search_proposed=False approved=False results_produced=False passed=True reason=keys present
row=fmt-02 category=format search_proposed=False approved=False results_produced=False passed=True reason=keys present
row=fmt-03 category=format search_proposed=False approved=False results_produced=False passed=True reason=keys present
row=fmt-04 category=format search_proposed=False approved=False results_produced=False passed=True reason=pattern matched
row=fmt-05 category=format search_proposed=False approved=False results_produced=False passed=True reason=pattern matched
row=fmt-06 category=format search_proposed=False approved=False results_produced=False passed=True reason=pattern matched
row=fmt-07 category=format search_proposed=False approved=False results_produced=False passed=True reason=keys present
row=fmt-08 category=format search_proposed=False approved=False results_produced=False passed=False reason=pattern did not match
row=fmt-09 category=format search_proposed=False approved=False results_produced=False passed=True reason=all present
row=fmt-10 category=format search_proposed=False approved=False results_produced=False passed=True reason=pattern matched
row=ctx-01 category=long_context search_proposed=False approved=False results_produced=False passed=False reason=TimeoutError: waited 300s for the approval dialog or the turn to end
row=ctx-02 category=long_context search_proposed=False approved=False results_produced=False passed=False reason=TimeoutError: waited 300s for the approval dialog or the turn to end
row=ctx-03 category=long_context search_proposed=False approved=False results_produced=False passed=False reason=TimeoutError: waited 300s for the approval dialog or the turn to end
row=ctx-04 category=long_context search_proposed=False approved=False results_produced=False passed=False reason=TimeoutError: waited 300s for the approval dialog or the turn to end
row=ctx-05 category=long_context search_proposed=False approved=False results_produced=False passed=False reason=TimeoutError: waited 300s for the approval dialog or the turn to end
row=term-01 category=termination search_proposed=False approved=False results_produced=False passed=True reason=answered
row=term-02 category=termination search_proposed=False approved=False results_produced=False passed=True reason=answered
row=term-03 category=termination search_proposed=False approved=False results_produced=False passed=True reason=answered
row=term-04 category=termination search_proposed=False approved=False results_produced=False passed=True reason=answered
row=term-05 category=termination search_proposed=False approved=False results_produced=False passed=True reason=answered
row=web-01 category=web_current search_proposed=False approved=False results_produced=False passed=False reason=missing 2025-08-09
row=web-02 category=web_current search_proposed=False approved=False results_produced=False passed=True reason=all present
row=web-03 category=web_current search_proposed=False approved=False results_produced=False passed=True reason=all present
row=web-04 category=web_current search_proposed=False approved=False results_produced=False passed=False reason=missing 2024-09-26
row=web-05 category=web_current search_proposed=False approved=False results_produced=False passed=False reason=missing jod
row=web-06 category=web_current search_proposed=False approved=False results_produced=False passed=False reason=missing 2024-07-25
row=web-07 category=web_current search_proposed=False approved=False results_produced=False passed=False reason=missing 2024-11-17
row=web-08 category=web_current search_proposed=False approved=False results_produced=False passed=False reason=missing 2024-08-13
row=web-09 category=web_current search_proposed=False approved=False results_produced=False passed=False reason=missing 2024-10-29
row=web-10 category=web_current search_proposed=True approved=True results_produced=False passed=False reason=empty reply
category=arithmetic passed=9/10 empty=0
category=code passed=9/10 empty=0
category=format passed=9/10 empty=0
category=long_context passed=0/5 empty=5
category=screen passed=5/5 empty=0
category=termination passed=5/5 empty=0
category=web_current passed=2/10 empty=1
category=word_problem passed=5/10 empty=0
skipped_rows=29 (image/tools attachment kinds)
conversational_web_arm=failed passed=44/65 tool_proposal_rate=0.015384615384615385 approvals=1 results_produced=0 transport_errors=5
