monitor_start_utc=2026-09-04T04:16:50Z server_pid=2973725 sample_seconds=1 profile=low-async latency_watchdog_pid=2974295 kernel_hazard_watchdog_pid=2974304 guard_affinity=1 guard_nice=0
threshold_mem_available_kib=4194304 threshold_swapin_bytes_per_sample=67108864 report_temperature_millicelsius=90000
threshold_maximum_gpu_busy_percent=100 enforcement=terminate_on_sample_above_threshold
sample_utc=2026-09-04T04:16:50Z affinity=0 nice=19 rss_kib=180020 peak_rss_kib=180020 mem_available_kib=26131644 swapin_bytes=0 max_temp_millicelsius=72000 gpu_busy_percent=9 gtt_used_bytes=1202749440 vram_used_bytes=2097283072 sclk=0: 200Mhz ;1: 400Mhz *;2: 1100Mhz ; mclk=0: 0Mhz ;1: 400Mhz ;2: 933Mhz *;3: 1067Mhz ;
sample_utc=2026-09-04T04:16:51Z affinity=0 nice=19 rss_kib=180600 peak_rss_kib=180600 mem_available_kib=26128316 swapin_bytes=0 max_temp_millicelsius=71000 gpu_busy_percent=99 gtt_used_bytes=1203732480 vram_used_bytes=2097283072 sclk=0: 200Mhz ;1: 700Mhz ;2: 1100Mhz *; mclk=0: 0Mhz ;1: 400Mhz ;2: 933Mhz *;3: 1067Mhz ;
sample_utc=2026-09-04T04:16:52Z affinity=0 nice=19 rss_kib=183648 peak_rss_kib=183648 mem_available_kib=26124280 swapin_bytes=0 max_temp_millicelsius=70000 gpu_busy_percent=98 gtt_used_bytes=1203732480 vram_used_bytes=2097283072 sclk=0: 200Mhz ;1: 700Mhz ;2: 1100Mhz *; mclk=0: 0Mhz ;1: 400Mhz ;2: 933Mhz *;3: 1067Mhz ;
sample_utc=2026-09-04T04:16:53Z affinity=0 nice=19 rss_kib=183648 peak_rss_kib=183648 mem_available_kib=26123872 swapin_bytes=0 max_temp_millicelsius=70000 gpu_busy_percent=99 gtt_used_bytes=1203732480 vram_used_bytes=2097283072 sclk=0: 200Mhz ;1: 700Mhz ;2: 1100Mhz *; mclk=0: 0Mhz ;1: 400Mhz ;2: 933Mhz *;3: 1067Mhz ;
sample_utc=2026-09-04T04:16:54Z affinity=0 nice=19 rss_kib=183648 peak_rss_kib=183648 mem_available_kib=26123792 swapin_bytes=0 max_temp_millicelsius=69500 gpu_busy_percent=99 gtt_used_bytes=1203732480 vram_used_bytes=2097283072 sclk=0: 200Mhz ;1: 700Mhz ;2: 1100Mhz *; mclk=0: 0Mhz ;1: 400Mhz ;2: 933Mhz *;3: 1067Mhz ;
sample_utc=2026-09-04T04:16:55Z affinity=0 nice=19 rss_kib=183648 peak_rss_kib=183648 mem_available_kib=26123556 swapin_bytes=0 max_temp_millicelsius=69875 gpu_busy_percent=97 gtt_used_bytes=1203732480 vram_used_bytes=2097283072 sclk=0: 200Mhz ;1: 700Mhz ;2: 1100Mhz *; mclk=0: 0Mhz ;1: 400Mhz ;2: 933Mhz *;3: 1067Mhz ;
sample_utc=2026-09-04T04:16:56Z affinity=0 nice=19 rss_kib=183648 peak_rss_kib=183648 mem_available_kib=26123320 swapin_bytes=0 max_temp_millicelsius=70250 gpu_busy_percent=99 gtt_used_bytes=1203732480 vram_used_bytes=2097283072 sclk=0: 200Mhz ;1: 700Mhz ;2: 1100Mhz *; mclk=0: 0Mhz ;1: 400Mhz ;2: 933Mhz *;3: 1067Mhz ;
sample_utc=2026-09-04T04:16:57Z affinity=0 nice=19 rss_kib=183648 peak_rss_kib=183648 mem_available_kib=26123088 swapin_bytes=0 max_temp_millicelsius=70500 gpu_busy_percent=98 gtt_used_bytes=1203732480 vram_used_bytes=2097283072 sclk=0: 200Mhz ;1: 700Mhz ;2: 1100Mhz *; mclk=0: 0Mhz ;1: 400Mhz ;2: 933Mhz *;3: 1067Mhz ;
sample_utc=2026-09-04T04:16:58Z affinity=0 nice=19 rss_kib=183648 peak_rss_kib=183648 mem_available_kib=26122944 swapin_bytes=0 max_temp_millicelsius=70875 gpu_busy_percent=99 gtt_used_bytes=1203732480 vram_used_bytes=2097283072 sclk=0: 200Mhz ;1: 700Mhz ;2: 1100Mhz *; mclk=0: 0Mhz ;1: 400Mhz ;2: 933Mhz *;3: 1067Mhz ;
sample_utc=2026-09-04T04:16:59Z affinity=0 nice=19 rss_kib=183648 peak_rss_kib=183648 mem_available_kib=26122876 swapin_bytes=0 max_temp_millicelsius=71250 gpu_busy_percent=98 gtt_used_bytes=1203732480 vram_used_bytes=2097283072 sclk=0: 200Mhz ;1: 700Mhz ;2: 1100Mhz *; mclk=0: 0Mhz ;1: 400Mhz ;2: 933Mhz *;3: 1067Mhz ;
sample_utc=2026-09-04T04:17:00Z affinity=0 nice=19 rss_kib=183648 peak_rss_kib=183648 mem_available_kib=26123684 swapin_bytes=0 max_temp_millicelsius=71250 gpu_busy_percent=99 gtt_used_bytes=1203732480 vram_used_bytes=2097283072 sclk=0: 200Mhz ;1: 700Mhz ;2: 1100Mhz *; mclk=0: 0Mhz ;1: 400Mhz ;2: 933Mhz *;3: 1067Mhz ;
sample_utc=2026-09-04T04:17:01Z affinity=0 nice=19 rss_kib=183648 peak_rss_kib=183648 mem_available_kib=26124652 swapin_bytes=0 max_temp_millicelsius=71750 gpu_busy_percent=99 gtt_used_bytes=1203732480 vram_used_bytes=2097283072 sclk=0: 200Mhz ;1: 700Mhz ;2: 1100Mhz *; mclk=0: 0Mhz ;1: 400Mhz ;2: 933Mhz *;3: 1067Mhz ;
sample_utc=2026-09-04T04:17:02Z affinity=0 nice=19 rss_kib=183648 peak_rss_kib=183648 mem_available_kib=26125288 swapin_bytes=0 max_temp_millicelsius=71875 gpu_busy_percent=99 gtt_used_bytes=1203732480 vram_used_bytes=2097283072 sclk=0: 200Mhz ;1: 700Mhz ;2: 1100Mhz *; mclk=0: 0Mhz ;1: 400Mhz ;2: 933Mhz *;3: 1067Mhz ;
sample_utc=2026-09-04T04:17:03Z affinity=0 nice=19 rss_kib=183648 peak_rss_kib=183648 mem_available_kib=26125452 swapin_bytes=0 max_temp_millicelsius=72250 gpu_busy_percent=99 gtt_used_bytes=1203732480 vram_used_bytes=2097283072 sclk=0: 200Mhz ;1: 700Mhz ;2: 1100Mhz *; mclk=0: 0Mhz ;1: 400Mhz ;2: 933Mhz *;3: 1067Mhz ;
sample_utc=2026-09-04T04:17:04Z affinity=0 nice=19 rss_kib=183648 peak_rss_kib=183648 mem_available_kib=26125492 swapin_bytes=0 max_temp_millicelsius=72375 gpu_busy_percent=99 gtt_used_bytes=1203732480 vram_used_bytes=2097283072 sclk=0: 200Mhz ;1: 700Mhz ;2: 1100Mhz *; mclk=0: 0Mhz ;1: 400Mhz ;2: 933Mhz *;3: 1067Mhz ;
sample_utc=2026-09-04T04:17:05Z affinity=0 nice=19 rss_kib=183648 peak_rss_kib=183648 mem_available_kib=26125204 swapin_bytes=0 max_temp_millicelsius=72500 gpu_busy_percent=99 gtt_used_bytes=1203732480 vram_used_bytes=2097283072 sclk=0: 200Mhz ;1: 700Mhz ;2: 1100Mhz *; mclk=0: 0Mhz ;1: 400Mhz ;2: 933Mhz *;3: 1067Mhz ;
sample_utc=2026-09-04T04:17:06Z affinity=0 nice=19 rss_kib=183648 peak_rss_kib=183648 mem_available_kib=26125764 swapin_bytes=0 max_temp_millicelsius=72875 gpu_busy_percent=99 gtt_used_bytes=1203732480 vram_used_bytes=2097283072 sclk=0: 200Mhz ;1: 700Mhz ;2: 1100Mhz *; mclk=0: 0Mhz ;1: 400Mhz ;2: 933Mhz *;3: 1067Mhz ;
sample_utc=2026-09-04T04:17:07Z affinity=0 nice=19 rss_kib=183648 peak_rss_kib=183648 mem_available_kib=26124124 swapin_bytes=0 max_temp_millicelsius=73125 gpu_busy_percent=99 gtt_used_bytes=1203732480 vram_used_bytes=2097283072 sclk=0: 200Mhz ;1: 700Mhz ;2: 1100Mhz *; mclk=0: 0Mhz ;1: 400Mhz ;2: 933Mhz *;3: 1067Mhz ;
sample_utc=2026-09-04T04:17:08Z affinity=0 nice=19 rss_kib=183648 peak_rss_kib=183648 mem_available_kib=26123432 swapin_bytes=0 max_temp_millicelsius=73250 gpu_busy_percent=95 gtt_used_bytes=1203732480 vram_used_bytes=2097283072 sclk=0: 200Mhz ;1: 1066Mhz *;2: 1100Mhz ; mclk=0: 0Mhz ;1: 400Mhz ;2: 933Mhz *;3: 1067Mhz ;
sample_utc=2026-09-04T04:17:09Z affinity=0 nice=19 rss_kib=183648 peak_rss_kib=183648 mem_available_kib=26123168 swapin_bytes=0 max_temp_millicelsius=73250 gpu_busy_percent=99 gtt_used_bytes=1203732480 vram_used_bytes=2097283072 sclk=0: 200Mhz ;1: 700Mhz ;2: 1100Mhz *; mclk=0: 0Mhz ;1: 400Mhz ;2: 933Mhz *;3: 1067Mhz ;
