monitor_start_utc=2026-09-04T03:58:41Z server_pid=2715149 sample_seconds=1 profile=low-async latency_watchdog_pid=2715712 kernel_hazard_watchdog_pid=2715721 guard_affinity=1 guard_nice=0
threshold_mem_available_kib=4194304 threshold_swapin_bytes_per_sample=67108864 report_temperature_millicelsius=90000
threshold_maximum_gpu_busy_percent=100 enforcement=terminate_on_sample_above_threshold
sample_utc=2026-09-04T03:58:41Z affinity=0 nice=19 rss_kib=178776 peak_rss_kib=178776 mem_available_kib=26121612 swapin_bytes=0 max_temp_millicelsius=73000 gpu_busy_percent=14 gtt_used_bytes=1202749440 vram_used_bytes=2097283072 sclk=0: 200Mhz ;1: 400Mhz *;2: 1100Mhz ; mclk=0: 0Mhz ;1: 400Mhz ;2: 933Mhz *;3: 1067Mhz ;
sample_utc=2026-09-04T03:58:42Z affinity=0 nice=19 rss_kib=179476 peak_rss_kib=179476 mem_available_kib=26119812 swapin_bytes=0 max_temp_millicelsius=73000 gpu_busy_percent=99 gtt_used_bytes=1203732480 vram_used_bytes=2097283072 sclk=0: 200Mhz ;1: 700Mhz ;2: 1100Mhz *; mclk=0: 0Mhz ;1: 400Mhz ;2: 933Mhz *;3: 1067Mhz ;
sample_utc=2026-09-04T03:58:43Z affinity=0 nice=19 rss_kib=182524 peak_rss_kib=182524 mem_available_kib=26115848 swapin_bytes=0 max_temp_millicelsius=72000 gpu_busy_percent=98 gtt_used_bytes=1203732480 vram_used_bytes=2097283072 sclk=0: 200Mhz ;1: 700Mhz ;2: 1100Mhz *; mclk=0: 0Mhz ;1: 400Mhz ;2: 933Mhz *;3: 1067Mhz ;
sample_utc=2026-09-04T03:58:44Z affinity=0 nice=19 rss_kib=182524 peak_rss_kib=182524 mem_available_kib=26115932 swapin_bytes=0 max_temp_millicelsius=72000 gpu_busy_percent=99 gtt_used_bytes=1203732480 vram_used_bytes=2097283072 sclk=0: 200Mhz ;1: 700Mhz ;2: 1100Mhz *; mclk=0: 0Mhz ;1: 400Mhz ;2: 933Mhz *;3: 1067Mhz ;
sample_utc=2026-09-04T03:58:45Z affinity=0 nice=19 rss_kib=182524 peak_rss_kib=182524 mem_available_kib=26116056 swapin_bytes=0 max_temp_millicelsius=71750 gpu_busy_percent=99 gtt_used_bytes=1203732480 vram_used_bytes=2097283072 sclk=0: 200Mhz ;1: 700Mhz ;2: 1100Mhz *; mclk=0: 0Mhz ;1: 400Mhz ;2: 933Mhz *;3: 1067Mhz ;
sample_utc=2026-09-04T03:58:47Z affinity=0 nice=19 rss_kib=182524 peak_rss_kib=182524 mem_available_kib=26115148 swapin_bytes=0 max_temp_millicelsius=72125 gpu_busy_percent=99 gtt_used_bytes=1203732480 vram_used_bytes=2097283072 sclk=0: 200Mhz ;1: 700Mhz ;2: 1100Mhz *; mclk=0: 0Mhz ;1: 400Mhz ;2: 933Mhz *;3: 1067Mhz ;
sample_utc=2026-09-04T03:58:48Z affinity=0 nice=19 rss_kib=182524 peak_rss_kib=182524 mem_available_kib=26114660 swapin_bytes=0 max_temp_millicelsius=72500 gpu_busy_percent=99 gtt_used_bytes=1203732480 vram_used_bytes=2097283072 sclk=0: 200Mhz ;1: 700Mhz ;2: 1100Mhz *; mclk=0: 0Mhz ;1: 400Mhz ;2: 933Mhz *;3: 1067Mhz ;
sample_utc=2026-09-04T03:58:49Z affinity=0 nice=19 rss_kib=182524 peak_rss_kib=182524 mem_available_kib=26114572 swapin_bytes=0 max_temp_millicelsius=72625 gpu_busy_percent=99 gtt_used_bytes=1203732480 vram_used_bytes=2097283072 sclk=0: 200Mhz ;1: 700Mhz ;2: 1100Mhz *; mclk=0: 0Mhz ;1: 400Mhz ;2: 933Mhz *;3: 1067Mhz ;
sample_utc=2026-09-04T03:58:50Z affinity=0 nice=19 rss_kib=182524 peak_rss_kib=182524 mem_available_kib=26114568 swapin_bytes=0 max_temp_millicelsius=73000 gpu_busy_percent=99 gtt_used_bytes=1203732480 vram_used_bytes=2097283072 sclk=0: 200Mhz ;1: 700Mhz ;2: 1100Mhz *; mclk=0: 0Mhz ;1: 400Mhz ;2: 933Mhz *;3: 1067Mhz ;
sample_utc=2026-09-04T03:58:51Z affinity=0 nice=19 rss_kib=182524 peak_rss_kib=182524 mem_available_kib=26114892 swapin_bytes=0 max_temp_millicelsius=73250 gpu_busy_percent=97 gtt_used_bytes=1203732480 vram_used_bytes=2097283072 sclk=0: 200Mhz ;1: 700Mhz ;2: 1100Mhz *; mclk=0: 0Mhz ;1: 400Mhz ;2: 933Mhz *;3: 1067Mhz ;
sample_utc=2026-09-04T03:58:52Z affinity=0 nice=19 rss_kib=182524 peak_rss_kib=182524 mem_available_kib=26114652 swapin_bytes=0 max_temp_millicelsius=73625 gpu_busy_percent=99 gtt_used_bytes=1203732480 vram_used_bytes=2097283072 sclk=0: 200Mhz ;1: 700Mhz ;2: 1100Mhz *; mclk=0: 0Mhz ;1: 400Mhz ;2: 933Mhz *;3: 1067Mhz ;
sample_utc=2026-09-04T03:58:53Z affinity=0 nice=19 rss_kib=182524 peak_rss_kib=182524 mem_available_kib=26114084 swapin_bytes=0 max_temp_millicelsius=73750 gpu_busy_percent=98 gtt_used_bytes=1203732480 vram_used_bytes=2097283072 sclk=0: 200Mhz ;1: 700Mhz ;2: 1100Mhz *; mclk=0: 0Mhz ;1: 400Mhz ;2: 933Mhz *;3: 1067Mhz ;
sample_utc=2026-09-04T03:58:54Z affinity=0 nice=19 rss_kib=182524 peak_rss_kib=182524 mem_available_kib=26114716 swapin_bytes=0 max_temp_millicelsius=74000 gpu_busy_percent=99 gtt_used_bytes=1203732480 vram_used_bytes=2097283072 sclk=0: 200Mhz ;1: 700Mhz ;2: 1100Mhz *; mclk=0: 0Mhz ;1: 400Mhz ;2: 933Mhz *;3: 1067Mhz ;
sample_utc=2026-09-04T03:58:55Z affinity=0 nice=19 rss_kib=182524 peak_rss_kib=182524 mem_available_kib=26114864 swapin_bytes=0 max_temp_millicelsius=74125 gpu_busy_percent=98 gtt_used_bytes=1203732480 vram_used_bytes=2097283072 sclk=0: 200Mhz ;1: 700Mhz ;2: 1100Mhz *; mclk=0: 0Mhz ;1: 400Mhz ;2: 933Mhz *;3: 1067Mhz ;
sample_utc=2026-09-04T03:58:56Z affinity=0 nice=19 rss_kib=182524 peak_rss_kib=182524 mem_available_kib=26115032 swapin_bytes=0 max_temp_millicelsius=74250 gpu_busy_percent=99 gtt_used_bytes=1203732480 vram_used_bytes=2097283072 sclk=0: 200Mhz ;1: 700Mhz ;2: 1100Mhz *; mclk=0: 0Mhz ;1: 400Mhz ;2: 933Mhz *;3: 1067Mhz ;
sample_utc=2026-09-04T03:58:57Z affinity=0 nice=19 rss_kib=182524 peak_rss_kib=182524 mem_available_kib=26114664 swapin_bytes=0 max_temp_millicelsius=74750 gpu_busy_percent=98 gtt_used_bytes=1203732480 vram_used_bytes=2097283072 sclk=0: 200Mhz ;1: 700Mhz ;2: 1100Mhz *; mclk=0: 0Mhz ;1: 400Mhz ;2: 933Mhz *;3: 1067Mhz ;
sample_utc=2026-09-04T03:58:58Z affinity=0 nice=19 rss_kib=182524 peak_rss_kib=182524 mem_available_kib=26115184 swapin_bytes=0 max_temp_millicelsius=74875 gpu_busy_percent=99 gtt_used_bytes=1203732480 vram_used_bytes=2097283072 sclk=0: 200Mhz ;1: 700Mhz ;2: 1100Mhz *; mclk=0: 0Mhz ;1: 400Mhz ;2: 933Mhz *;3: 1067Mhz ;
sample_utc=2026-09-04T03:58:59Z affinity=0 nice=19 rss_kib=182524 peak_rss_kib=182524 mem_available_kib=26115808 swapin_bytes=0 max_temp_millicelsius=74875 gpu_busy_percent=98 gtt_used_bytes=1203732480 vram_used_bytes=2097283072 sclk=0: 200Mhz ;1: 700Mhz ;2: 1100Mhz *; mclk=0: 0Mhz ;1: 400Mhz ;2: 933Mhz *;3: 1067Mhz ;
sample_utc=2026-09-04T03:59:00Z affinity=0 nice=19 rss_kib=182524 peak_rss_kib=182524 mem_available_kib=26115572 swapin_bytes=0 max_temp_millicelsius=75000 gpu_busy_percent=99 gtt_used_bytes=1203732480 vram_used_bytes=2097283072 sclk=0: 200Mhz ;1: 700Mhz ;2: 1100Mhz *; mclk=0: 0Mhz ;1: 400Mhz ;2: 933Mhz *;3: 1067Mhz ;
sample_utc=2026-09-04T03:59:01Z affinity=0 nice=19 rss_kib=182524 peak_rss_kib=182524 mem_available_kib=26115156 swapin_bytes=0 max_temp_millicelsius=75250 gpu_busy_percent=98 gtt_used_bytes=1203732480 vram_used_bytes=2097283072 sclk=0: 200Mhz ;1: 700Mhz ;2: 1100Mhz *; mclk=0: 0Mhz ;1: 400Mhz ;2: 933Mhz *;3: 1067Mhz ;
